BL51 BANKED LINKER/LOCATER V6.15                                                        11/22/2022  18:35:21  PAGE 1


BL51 BANKED LINKER/LOCATER V6.15, INVOKED BY:
C:\KEIL\C51\BIN\BL51.EXE domaci.obj TO Domaci RAMSIZE (256)


INPUT MODULES INCLUDED:
  domaci.obj (DOMACI)


LINK MAP OF MODULE:  Domaci (DOMACI)


            TYPE    BASE      LENGTH    RELOCATION   SEGMENT NAME
            -----------------------------------------------------

            * * * * * * *   D A T A   M E M O R Y   * * * * * * *
            REG     0000H     0008H     ABSOLUTE     "REG BANK 0"

            * * * * * * *   C O D E   M E M O R Y   * * * * * * *
            CODE    0000H     0138H     ABSOLUTE     



SYMBOL TABLE OF MODULE:  Domaci (DOMACI)

  VALUE           TYPE          NAME
  ----------------------------------

  -------         MODULE        DOMACI
  C:006EH         SYMBOL        CHECKIFCHANGEFIRST
  C:007DH         SYMBOL        CHECKIFCHANGEFOURTH
  C:0073H         SYMBOL        CHECKIFCHANGESECOND
  C:0082H         SYMBOL        CHECKIFCHANGESPEED1
  C:008AH         SYMBOL        CHECKIFCHANGESPEED2
  C:005AH         SYMBOL        CHECKIFCHANGESTART
  C:0061H         SYMBOL        CHECKIFCHANGESTOP
  C:0078H         SYMBOL        CHECKIFCHANGETHIRD
  C:0090H         SYMBOL        CHECKIFFIRSTSTART
  C:004CH         SYMBOL        CHECKSTATECHANGEDET
  D:0038H         SYMBOL        COUNTER
  D:0039H         SYMBOL        COUNTER_SAVE
  C:00B6H         SYMBOL        EXEC
  D:0040H         SYMBOL        FIB_N1
  C:00CCH         SYMBOL        FIRSTPROG
  C:0011H         SYMBOL        FOR1
  C:0014H         SYMBOL        FOR2
  C:0017H         SYMBOL        FOR3
  C:00FFH         SYMBOL        FOURTHPROG
  C:00F7H         SYMBOL        FOURTHPROGRESET
  D:0030H         SYMBOL        I
  D:0031H         SYMBOL        J
  D:0032H         SYMBOL        K
  C:0002H         SYMBOL        LOOKUPPROG3
  C:0021H         SYMBOL        MAIN
  D:0080H         SYMBOL        P0
  D:00A0H         SYMBOL        P2
  C:0069H         SYMBOL        PERMISSIONFORWORK
  D:0041H         SYMBOL        POM_FIB
  C:009CH         SYMBOL        PREPFIRSTPROG
BL51 BANKED LINKER/LOCATER V6.15                                                      11/22/2022  18:35:21  PAGE 2


  C:00B1H         SYMBOL        PREPFOURTHPROG
  C:0095H         SYMBOL        PREPPROG
  C:00A3H         SYMBOL        PREPSECONDPROG
  C:00AAH         SYMBOL        PREPTHIRDPROG
  C:0114H         SYMBOL        PREVFIRSTSTATE
  C:012EH         SYMBOL        PREVFOURTHSTATE
  D:0036H         SYMBOL        PREVIOUS_STATE_CHG_DET
  D:0034H         SYMBOL        PREVIOUS_STATE_P0
  C:0122H         SYMBOL        PREVSECONDSTATE
  C:0129H         SYMBOL        PREVTHIRDSTATE
  C:00DAH         SYMBOL        SECONDPROG
  C:00D3H         SYMBOL        SECONDPROGEXEC
  C:00C2H         SYMBOL        SETSTART
  C:00C7H         SYMBOL        SETSTOP
  D:0043H         SYMBOL        SPEED
  C:0009H         SYMBOL        SPEED1
  C:0085H         SYMBOL        SPEED1CALL
  C:0133H         SYMBOL        SPEED1NEEDED
  C:000EH         SYMBOL        SPEED2
  C:008DH         SYMBOL        SPEED2CALL
  D:0042H         SYMBOL        START
  D:0035H         SYMBOL        STATE_CHG_DET
  D:0033H         SYMBOL        STATE_P2
  C:00EAH         SYMBOL        THIRDPROG
  C:00E4H         SYMBOL        THIRDPROGCOUNTERRESET
  C:0053H         SYMBOL        WHAT_CHANGE
  D:0037H         SYMBOL        WHAT_CHG
  C:003FH         SYMBOL        WHILE
  C:0000H         LINE#         2
  C:0009H         LINE#         31
  C:000CH         LINE#         32
  C:000EH         LINE#         34
  C:0011H         LINE#         36
  C:0014H         LINE#         38
  C:0017H         LINE#         40
  C:001AH         LINE#         41
  C:001DH         LINE#         42
  C:0020H         LINE#         43
  C:0021H         LINE#         47
  C:0024H         LINE#         48
  C:0027H         LINE#         49
  C:002AH         LINE#         50
  C:002DH         LINE#         51
  C:0030H         LINE#         52
  C:0033H         LINE#         53
  C:0036H         LINE#         54
  C:0039H         LINE#         55
  C:003CH         LINE#         56
  C:003FH         LINE#         59
  C:0041H         LINE#         60
  C:0043H         LINE#         62
  C:0045H         LINE#         63
  C:0048H         LINE#         65
  C:004AH         LINE#         66
  C:004CH         LINE#         72
  C:004EH         LINE#         73
  C:004FH         LINE#         74
BL51 BANKED LINKER/LOCATER V6.15                                                      11/22/2022  18:35:21  PAGE 3


  C:0051H         LINE#         75
  C:0053H         LINE#         78
  C:0055H         LINE#         79
  C:0056H         LINE#         80
  C:0058H         LINE#         81
  C:005AH         LINE#         86
  C:005CH         LINE#         87
  C:005FH         LINE#         88
  C:0061H         LINE#         92
  C:0064H         LINE#         93
  C:0067H         LINE#         94
  C:0069H         LINE#         98
  C:006BH         LINE#         99
  C:006EH         LINE#         103
  C:0071H         LINE#         104
  C:0073H         LINE#         108
  C:0076H         LINE#         109
  C:0078H         LINE#         113
  C:007BH         LINE#         114
  C:007DH         LINE#         118
  C:0080H         LINE#         119
  C:0082H         LINE#         123
  C:0085H         LINE#         127
  C:0088H         LINE#         128
  C:008AH         LINE#         131
  C:008DH         LINE#         135
  C:0090H         LINE#         138
  C:0092H         LINE#         139
  C:0095H         LINE#         142
  C:0098H         LINE#         143
  C:009AH         LINE#         144
  C:009CH         LINE#         147
  C:009DH         LINE#         148
  C:009FH         LINE#         149
  C:00A1H         LINE#         150
  C:00A3H         LINE#         153
  C:00A4H         LINE#         154
  C:00A6H         LINE#         155
  C:00A8H         LINE#         156
  C:00AAH         LINE#         159
  C:00ABH         LINE#         160
  C:00ADH         LINE#         161
  C:00AFH         LINE#         162
  C:00B1H         LINE#         165
  C:00B2H         LINE#         166
  C:00B4H         LINE#         167
  C:00B6H         LINE#         170
  C:00B9H         LINE#         171
  C:00BBH         LINE#         172
  C:00BDH         LINE#         173
  C:00C0H         LINE#         174
  C:00C2H         LINE#         177
  C:00C5H         LINE#         178
  C:00C7H         LINE#         181
  C:00CAH         LINE#         182
  C:00CCH         LINE#         185
  C:00CEH         LINE#         186
BL51 BANKED LINKER/LOCATER V6.15                                                      11/22/2022  18:35:21  PAGE 4


  C:00CFH         LINE#         187
  C:00D1H         LINE#         188
  C:00D3H         LINE#         191
  C:00D5H         LINE#         192
  C:00D6H         LINE#         193
  C:00D8H         LINE#         194
  C:00DAH         LINE#         197
  C:00DCH         LINE#         198
  C:00DFH         LINE#         199
  C:00E2H         LINE#         200
  C:00E4H         LINE#         203
  C:00E6H         LINE#         204
  C:00E8H         LINE#         205
  C:00EAH         LINE#         208
  C:00ECH         LINE#         209
  C:00EDH         LINE#         210
  C:00EFH         LINE#         211
  C:00F1H         LINE#         212
  C:00F3H         LINE#         213
  C:00F5H         LINE#         214
  C:00F7H         LINE#         217
  C:00FAH         LINE#         218
  C:00FDH         LINE#         219
  C:00FFH         LINE#         222
  C:0101H         LINE#         223
  C:0103H         LINE#         224
  C:0104H         LINE#         225
  C:0106H         LINE#         226
  C:0108H         LINE#         227
  C:010AH         LINE#         228
  C:010CH         LINE#         229
  C:010EH         LINE#         230
  C:0110H         LINE#         231
  C:0112H         LINE#         232
  C:0114H         LINE#         235
  C:0116H         LINE#         236
  C:0117H         LINE#         237
  C:0119H         LINE#         238
  C:011BH         LINE#         239
  C:011DH         LINE#         240
  C:011EH         LINE#         241
  C:0120H         LINE#         242
  C:0122H         LINE#         245
  C:0124H         LINE#         246
  C:0127H         LINE#         247
  C:0129H         LINE#         250
  C:012CH         LINE#         251
  C:012EH         LINE#         254
  C:0131H         LINE#         255
  C:0133H         LINE#         258
  C:0136H         LINE#         259
  -------         ENDMOD        DOMACI

Program Size: data=8.0 xdata=0 code=312
LINK/LOCATE RUN COMPLETE.  0 WARNING(S),  0 ERROR(S)
